Building uz.avtotest.avto-test for simulator (ios)...
Running Xcode build...                                          
Xcode build done.                                           29,2s
Failed to build iOS app
Error output from Xcode build:
↳
    ** BUILD FAILED **


Xcode's output:
↳
    Writing result bundle at path:
    	/var/folders/0s/2y0rrtq96sg10cpjb8h6_czr0000gn/T/flutter_tools.uTozp9/flutter_ios_build_temp_dirUibbb1/temporary_xcresult_bundle

    /Users/jamshidmirzo/Library/Developer/Xcode/DerivedData/Runner-bhoqylwonozcldbbscffnjttvmxf/Build/Intermediates.noindex/Runner.build/Debug-iphonesimulator/Runner.build/Script-74A3D5D40C07A4F87F5684D0.sh: line 15: flutterfire: command not found
    Command PhaseScriptExecution failed with a nonzero exit code
    warning: Run script build phase 'Create Symlinks to Header Folders' will be run during every build because it does not specify any outputs. To address this issue, either add output dependencies to the script phase, or configure it to run in every build by unchecking "Based on dependency analysis" in the script phase. (in target 'abseil' from project 'Pods')
    warning: Run script build phase 'Create Symlinks to Header Folders' will be run during every build because it does not specify any outputs. To address this issue, either add output dependencies to the script phase, or configure it to run in every build by unchecking "Based on dependency analysis" in the script phase. (in target 'BoringSSL-GRPC' from project 'Pods')
    warning: Run script build phase 'Create Symlinks to Header Folders' will be run during every build because it does not specify any outputs. To address this issue, either add output dependencies to the script phase, or configure it to run in every build by unchecking "Based on dependency analysis" in the script phase. (in target 'gRPC-Core' from project 'Pods')
    warning: Run script build phase 'Create Symlinks to Header Folders' will be run during every build because it does not specify any outputs. To address this issue, either add output dependencies to the script phase, or configure it to run in every build by unchecking "Based on dependency analysis" in the script phase. (in target 'gRPC-C++' from project 'Pods')
    note: Run script build phase 'Run Script' will be run during every build because the option to run the script phase "Based on dependency analysis" is unchecked. (in target 'Runner' from project 'Runner')
    warning: Run script build phase 'FlutterFire: "flutterfire upload-crashlytics-symbols"' will be run during every build because it does not specify any outputs. To address this issue, either add output dependencies to the script phase, or configure it to run in every build by unchecking "Based on dependency analysis" in the script phase. (in target 'Runner' from project 'Runner')
    note: Run script build phase 'Thin Binary' will be run during every build because the option to run the script phase "Based on dependency analysis" is unchecked. (in target 'Runner' from project 'Runner')

Encountered error while building for simulator.
